[  2%] Building C object CMakeFiles/mir_core.dir/src/mir/vendor/mir.c.o
/home/saqut/Masaüstü/saqutcompiler/src/mir/vendor/mir.c: 'MIR_scan_string' işlevinde:
/home/saqut/Masaüstü/saqutcompiler/src/mir/vendor/mir.c:6318:16: warning: değişken 'module' 'longjmp' ya da 'vfork' tarafından taşırılmış olabilir [-Wclobbered]
 6318 |   MIR_module_t module = NULL;
      |                ^~~~~~
/home/saqut/Masaüstü/saqutcompiler/src/mir/vendor/mir.c:6319:20: warning: değişken 'func' 'longjmp' ya da 'vfork' tarafından taşırılmış olabilir [-Wclobbered]
 6319 |   MIR_item_t item, func = NULL;
      |                    ^~~~
/home/saqut/Masaüstü/saqutcompiler/src/mir/vendor/mir.c:6320:19: warning: değişken 'insn_code' 'longjmp' ya da 'vfork' tarafından taşırılmış olabilir [-Wclobbered]
 6320 |   MIR_insn_code_t insn_code = MIR_INSN_BOUND; /* for removing uninitialized warning */
      |                   ^~~~~~~~~
/home/saqut/Masaüstü/saqutcompiler/src/mir/vendor/mir.c:6322:20: warning: değişken 'data_type' 'longjmp' ya da 'vfork' tarafından taşırılmış olabilir [-Wclobbered]
 6322 |   MIR_type_t type, data_type = MIR_T_BOUND;
      |                    ^~~~~~~~~
/home/saqut/Masaüstü/saqutcompiler/src/mir/vendor/mir.c:6328:15: warning: değişken 'in' 'longjmp' ya da 'vfork' tarafından taşırılmış olabilir [-Wclobbered]
 6328 |   insn_name_t in, el;
      |               ^~
[  5%] Building C object CMakeFiles/mir_core.dir/src/mir/vendor/mir-gen.c.o
[  8%] Linking C static library libmir_core.a
[  8%] Built target mir_core
[ 11%] Building CXX object CMakeFiles/saqut.dir/src/core/sourcefile.cpp.o
[ 14%] Building CXX object CMakeFiles/saqut.dir/src/dap/dap_handler.cpp.o
[ 17%] Building CXX object CMakeFiles/saqut.dir/src/dap/dap_server.cpp.o
[ 20%] Building CXX object CMakeFiles/saqut.dir/src/ffi/host_functions.cpp.o
[ 23%] Building CXX object CMakeFiles/saqut.dir/src/ir/ir_function.cpp.o
[ 26%] Building CXX object CMakeFiles/saqut.dir/src/ir/ir_generator.cpp.o
[ 29%] Building CXX object CMakeFiles/saqut.dir/src/ir/ir_program.cpp.o
[ 32%] Building CXX object CMakeFiles/saqut.dir/src/lexer/lexer.cpp.o
[ 35%] Building CXX object CMakeFiles/saqut.dir/src/lsp/document_store.cpp.o
[ 38%] Building CXX object CMakeFiles/saqut.dir/src/lsp/json_rpc.cpp.o
[ 41%] Building CXX object CMakeFiles/saqut.dir/src/lsp/lsp_handler.cpp.o
[ 44%] Building CXX object CMakeFiles/saqut.dir/src/lsp/lsp_server.cpp.o
[ 47%] Building CXX object CMakeFiles/saqut.dir/src/main.cpp.o
[ 50%] Building CXX object CMakeFiles/saqut.dir/src/mir/mir_backend.cpp.o
[ 52%] Building CXX object CMakeFiles/saqut.dir/src/module/module_loader.cpp.o
[ 55%] Building CXX object CMakeFiles/saqut.dir/src/parser/nodes/binary_expr.cpp.o
[ 58%] Building CXX object CMakeFiles/saqut.dir/src/parser/nodes/declarations.cpp.o
[ 61%] Building CXX object CMakeFiles/saqut.dir/src/parser/nodes/error_node.cpp.o
[ 64%] Building CXX object CMakeFiles/saqut.dir/src/parser/nodes/expressions.cpp.o
[ 67%] Building CXX object CMakeFiles/saqut.dir/src/parser/nodes/identifier.cpp.o
[ 70%] Building CXX object CMakeFiles/saqut.dir/src/parser/nodes/literal.cpp.o
[ 73%] Building CXX object CMakeFiles/saqut.dir/src/parser/nodes/program.cpp.o
[ 76%] Building CXX object CMakeFiles/saqut.dir/src/parser/nodes/statements.cpp.o
[ 79%] Building CXX object CMakeFiles/saqut.dir/src/parser/parser.cpp.o
[ 82%] Building CXX object CMakeFiles/saqut.dir/src/semantic/structural_validator.cpp.o
[ 85%] Building CXX object CMakeFiles/saqut.dir/src/semantic/type_checker.cpp.o
/home/saqut/Masaüstü/saqutcompiler/src/semantic/type_checker.cpp: In member function 'Type TypeChecker::checkExpr(ASTNode*, const Type&)':
/home/saqut/Masaüstü/saqutcompiler/src/semantic/type_checker.cpp:1158:14: warning: unused variable 'srcIsNumeric' [-Wunused-variable]
 1158 |         bool srcIsNumeric = srcType.isPrimitive() && !srcIsBool;
      |              ^~~~~~~~~~~~
/home/saqut/Masaüstü/saqutcompiler/src/semantic/type_checker.cpp:1159:14: warning: unused variable 'tgtIsNumeric' [-Wunused-variable]
 1159 |         bool tgtIsNumeric = targetBase.isPrimitive() && !tgtIsBool;
      |              ^~~~~~~~~~~~
[ 88%] Building CXX object CMakeFiles/saqut.dir/src/symbol/symbol_collector.cpp.o
[ 91%] Building CXX object CMakeFiles/saqut.dir/src/tokenizer/tokenizer.cpp.o
[ 94%] Building CXX object CMakeFiles/saqut.dir/src/vm/interpreter.cpp.o
[ 97%] Building CXX object CMakeFiles/saqut.dir/src/vm/object.cpp.o
[100%] Linking CXX executable saqut
[100%] Built target saqut
