[  5%] Building C object CMakeFiles/mir_core.dir/src/mir/vendor/mir.c.o
[  5%] Building C object CMakeFiles/mir_core.dir/src/mir/vendor/mir-gen.c.o
[  8%] Linking C static library libmir_core.a
[  8%] Built target mir_core
[ 14%] Building CXX object CMakeFiles/saqut.dir/src/ir/ir_generator.cpp.o
[ 20%] Building CXX object CMakeFiles/saqut.dir/src/ir/ir_program.cpp.o
[ 20%] Building CXX object CMakeFiles/saqut.dir/src/lexer/lexer.cpp.o
[ 23%] Building CXX object CMakeFiles/saqut.dir/src/core/sourcefile.cpp.o
[ 23%] Building CXX object CMakeFiles/saqut.dir/src/dap/dap_handler.cpp.o
[ 26%] Building CXX object CMakeFiles/saqut.dir/src/ffi/host_functions.cpp.o
[ 29%] Building CXX object CMakeFiles/saqut.dir/src/ir/ir_function.cpp.o
[ 32%] Building CXX object CMakeFiles/saqut.dir/src/dap/dap_server.cpp.o
[ 35%] Building CXX object CMakeFiles/saqut.dir/src/lsp/lsp_handler.cpp.o
[ 38%] Building CXX object CMakeFiles/saqut.dir/src/lsp/json_rpc.cpp.o
[ 44%] Building CXX object CMakeFiles/saqut.dir/src/parser/nodes/declarations.cpp.o
[ 47%] Building CXX object CMakeFiles/saqut.dir/src/main.cpp.o
[ 47%] Building CXX object CMakeFiles/saqut.dir/src/mir/mir_backend.cpp.o
[ 50%] Building CXX object CMakeFiles/saqut.dir/src/lsp/lsp_server.cpp.o
[ 61%] Building CXX object CMakeFiles/saqut.dir/src/parser/nodes/expressions.cpp.o
[ 52%] Building CXX object CMakeFiles/saqut.dir/src/parser/nodes/binary_expr.cpp.o
[ 58%] Building CXX object CMakeFiles/saqut.dir/src/lsp/document_store.cpp.o
[ 58%] Building CXX object CMakeFiles/saqut.dir/src/parser/nodes/error_node.cpp.o
[ 64%] Building CXX object CMakeFiles/saqut.dir/src/module/module_loader.cpp.o
[ 67%] Building CXX object CMakeFiles/saqut.dir/src/parser/nodes/statements.cpp.o
[ 70%] Building CXX object CMakeFiles/saqut.dir/src/parser/nodes/program.cpp.o
[ 73%] Building CXX object CMakeFiles/saqut.dir/src/parser/parser.cpp.o
[ 76%] Building CXX object CMakeFiles/saqut.dir/src/parser/nodes/literal.cpp.o
[ 79%] Building CXX object CMakeFiles/saqut.dir/src/parser/nodes/identifier.cpp.o
[ 82%] Building CXX object CMakeFiles/saqut.dir/src/tokenizer/tokenizer.cpp.o
[ 85%] Building CXX object CMakeFiles/saqut.dir/src/semantic/structural_validator.cpp.o
[ 88%] Building CXX object CMakeFiles/saqut.dir/src/semantic/type_checker.cpp.o
[ 91%] Building CXX object CMakeFiles/saqut.dir/src/symbol/symbol_collector.cpp.o
[ 94%] Building CXX object CMakeFiles/saqut.dir/src/vm/object.cpp.o
[ 97%] Building CXX object CMakeFiles/saqut.dir/src/vm/interpreter.cpp.o
[100%] Linking CXX executable saqut
[100%] Built target saqut
