/home/saqut/Masaüstü/saqutcompiler/src/mir/vendor/mir.c: 'MIR_scan_string' işlevinde:
/home/saqut/Masaüstü/saqutcompiler/src/mir/vendor/mir.c:6318:16: warning: değişken 'module' 'longjmp' ya da 'vfork' tarafından taşırılmış olabilir [-Wclobbered]
 6318 |   MIR_module_t module = NULL;
      |                ^~~~~~
/home/saqut/Masaüstü/saqutcompiler/src/mir/vendor/mir.c:6319:20: warning: değişken 'func' 'longjmp' ya da 'vfork' tarafından taşırılmış olabilir [-Wclobbered]
 6319 |   MIR_item_t item, func = NULL;
      |                    ^~~~
/home/saqut/Masaüstü/saqutcompiler/src/mir/vendor/mir.c:6320:19: warning: değişken 'insn_code' 'longjmp' ya da 'vfork' tarafından taşırılmış olabilir [-Wclobbered]
 6320 |   MIR_insn_code_t insn_code = MIR_INSN_BOUND; /* for removing uninitialized warning */
      |                   ^~~~~~~~~
/home/saqut/Masaüstü/saqutcompiler/src/mir/vendor/mir.c:6322:20: warning: değişken 'data_type' 'longjmp' ya da 'vfork' tarafından taşırılmış olabilir [-Wclobbered]
 6322 |   MIR_type_t type, data_type = MIR_T_BOUND;
      |                    ^~~~~~~~~
/home/saqut/Masaüstü/saqutcompiler/src/mir/vendor/mir.c:6328:15: warning: değişken 'in' 'longjmp' ya da 'vfork' tarafından taşırılmış olabilir [-Wclobbered]
 6328 |   insn_name_t in, el;
      |               ^~
/home/saqut/Masaüstü/saqutcompiler/src/semantic/type_checker.cpp: In member function 'Type TypeChecker::checkExpr(ASTNode*, const Type&)':
/home/saqut/Masaüstü/saqutcompiler/src/semantic/type_checker.cpp:1158:14: warning: unused variable 'srcIsNumeric' [-Wunused-variable]
 1158 |         bool srcIsNumeric = srcType.isPrimitive() && !srcIsBool;
      |              ^~~~~~~~~~~~
/home/saqut/Masaüstü/saqutcompiler/src/semantic/type_checker.cpp:1159:14: warning: unused variable 'tgtIsNumeric' [-Wunused-variable]
 1159 |         bool tgtIsNumeric = targetBase.isPrimitive() && !tgtIsBool;
      |              ^~~~~~~~~~~~
