{
  "diagnostics": {
    "diagnostics": [
      {
        "code": "E_CAP_MISSING",
        "hint": "run with --allow-fs",
        "level": "error",
        "location": {
          "column": 1,
          "file": "/tmp/saqut-sq090-ir-baseline-187801/fixtures/irb5/cap.sqt",
          "line": 1,
          "offset": 0
        },
        "message": "'readFile' requires --allow-fs capability"
      }
    ],
    "errorCount": 1,
    "warningCount": 0
  },
  "file": "/tmp/saqut-sq090-ir-baseline-187801/fixtures/irb5/cap.sqt"
}
