[1m[38;2;185;165;220mIR DUMP[0m

[38;2;145;145;155mNAME=[0m[38;2;185;165;220mfibonacci[0m[38;2;145;145;155m PARAMS=[0m[38;2;225;185;145m1[0m[38;2;145;145;155m SLOTS=[0m[38;2;225;185;145m10[0m
  [38;2;145;145;155m  0[0m  [38;2;185;165;220mLOAD_CONST      [0m[38;2;155;205;205ms1[0m [38;2;145;145;155m=[0m [38;2;225;185;145m1[0m
  [38;2;145;145;155m  1[0m  [38;2;185;165;220mLESS_EQUAL      [0m[38;2;155;205;205ms2[0m [38;2;145;145;155m=[0m [38;2;155;205;205ms0[0m [38;2;185;165;220m<=[0m [38;2;155;205;205ms1[0m
  [38;2;145;145;155m  2[0m  [38;2;185;165;220mJIF_FALSE       [0m[38;2;145;145;155m![0m[38;2;155;205;205ms2[0m [38;2;145;145;155m→[0m [38;2;225;185;145m4[0m
  [38;2;145;145;155m  3[0m  [38;2;185;165;220mRETURN          [0m[38;2;145;145;155mreturn[0m [38;2;155;205;205ms0[0m
  [38;2;145;145;155m  4[0m  [38;2;185;165;220mLOAD_CONST      [0m[38;2;155;205;205ms3[0m [38;2;145;145;155m=[0m [38;2;225;185;145m1[0m
  [38;2;145;145;155m  5[0m  [38;2;185;165;220mSUB             [0m[38;2;155;205;205ms4[0m [38;2;145;145;155m=[0m [38;2;155;205;205ms0[0m [38;2;185;165;220m-[0m [38;2;155;205;205ms3[0m
  [38;2;145;145;155m  6[0m  [38;2;185;165;220mCALL            [0m[38;2;155;205;205ms5[0m [38;2;145;145;155m=[0m [38;2;165;205;165mfibonacci[0m[38;2;145;145;155m([0m[38;2;155;205;205ms4[0m[38;2;145;145;155m)[0m
  [38;2;145;145;155m  7[0m  [38;2;185;165;220mLOAD_CONST      [0m[38;2;155;205;205ms6[0m [38;2;145;145;155m=[0m [38;2;225;185;145m2[0m
  [38;2;145;145;155m  8[0m  [38;2;185;165;220mSUB             [0m[38;2;155;205;205ms7[0m [38;2;145;145;155m=[0m [38;2;155;205;205ms0[0m [38;2;185;165;220m-[0m [38;2;155;205;205ms6[0m
  [38;2;145;145;155m  9[0m  [38;2;185;165;220mCALL            [0m[38;2;155;205;205ms8[0m [38;2;145;145;155m=[0m [38;2;165;205;165mfibonacci[0m[38;2;145;145;155m([0m[38;2;155;205;205ms7[0m[38;2;145;145;155m)[0m
  [38;2;145;145;155m 10[0m  [38;2;185;165;220mADD             [0m[38;2;155;205;205ms9[0m [38;2;145;145;155m=[0m [38;2;155;205;205ms5[0m [38;2;185;165;220m+[0m [38;2;155;205;205ms8[0m
  [38;2;145;145;155m 11[0m  [38;2;185;165;220mRETURN          [0m[38;2;145;145;155mreturn[0m [38;2;155;205;205ms9[0m

[38;2;145;145;155mNAME=[0m[38;2;185;165;220mfibonacciIterative[0m[38;2;145;145;155m PARAMS=[0m[38;2;225;185;145m1[0m[38;2;145;145;155m SLOTS=[0m[38;2;225;185;145m8[0m
  [38;2;145;145;155m  0[0m  [38;2;185;165;220mLOAD_CONST      [0m[38;2;155;205;205ms1[0m [38;2;145;145;155m=[0m [38;2;225;185;145m0[0m
  [38;2;145;145;155m  1[0m  [38;2;185;165;220mLOAD_CONST      [0m[38;2;155;205;205ms2[0m [38;2;145;145;155m=[0m [38;2;225;185;145m1[0m
  [38;2;145;145;155m  2[0m  [38;2;185;165;220mLOAD_CONST      [0m[38;2;155;205;205ms3[0m [38;2;145;145;155m=[0m [38;2;225;185;145m0[0m
  [38;2;145;145;155m  3[0m  [38;2;185;165;220mLESS            [0m[38;2;155;205;205ms4[0m [38;2;145;145;155m=[0m [38;2;155;205;205ms3[0m [38;2;185;165;220m<[0m [38;2;155;205;205ms0[0m
  [38;2;145;145;155m  4[0m  [38;2;185;165;220mJIF_FALSE       [0m[38;2;145;145;155m![0m[38;2;155;205;205ms4[0m [38;2;145;145;155m→[0m [38;2;225;185;145m12[0m
  [38;2;145;145;155m  5[0m  [38;2;185;165;220mADD             [0m[38;2;155;205;205ms5[0m [38;2;145;145;155m=[0m [38;2;155;205;205ms1[0m [38;2;185;165;220m+[0m [38;2;155;205;205ms2[0m
  [38;2;145;145;155m  6[0m  [38;2;185;165;220mLOAD_SLOT       [0m[38;2;155;205;205ms1[0m [38;2;145;145;155m=[0m [38;2;155;205;205ms2[0m
  [38;2;145;145;155m  7[0m  [38;2;185;165;220mLOAD_SLOT       [0m[38;2;155;205;205ms2[0m [38;2;145;145;155m=[0m [38;2;155;205;205ms5[0m
  [38;2;145;145;155m  8[0m  [38;2;185;165;220mLOAD_CONST      [0m[38;2;155;205;205ms6[0m [38;2;145;145;155m=[0m [38;2;225;185;145m1[0m
  [38;2;145;145;155m  9[0m  [38;2;185;165;220mADD             [0m[38;2;155;205;205ms7[0m [38;2;145;145;155m=[0m [38;2;155;205;205ms3[0m [38;2;185;165;220m+[0m [38;2;155;205;205ms6[0m
  [38;2;145;145;155m 10[0m  [38;2;185;165;220mLOAD_SLOT       [0m[38;2;155;205;205ms3[0m [38;2;145;145;155m=[0m [38;2;155;205;205ms7[0m
  [38;2;145;145;155m 11[0m  [38;2;185;165;220mJMP             [0m[38;2;145;145;155m→ [0m[38;2;225;185;145m3[0m
  [38;2;145;145;155m 12[0m  [38;2;185;165;220mRETURN          [0m[38;2;145;145;155mreturn[0m [38;2;155;205;205ms1[0m

[38;2;145;145;155mNAME=[0m[38;2;185;165;220mmain[0m[38;2;145;145;155m PARAMS=[0m[38;2;225;185;145m0[0m[38;2;145;145;155m SLOTS=[0m[38;2;225;185;145m4[0m
  [38;2;145;145;155m  0[0m  [38;2;185;165;220mLOAD_CONST      [0m[38;2;155;205;205ms0[0m [38;2;145;145;155m=[0m [38;2;225;185;145m10[0m
  [38;2;145;145;155m  1[0m  [38;2;185;165;220mCALL            [0m[38;2;155;205;205ms1[0m [38;2;145;145;155m=[0m [38;2;165;205;165mfibonacci[0m[38;2;145;145;155m([0m[38;2;155;205;205ms0[0m[38;2;145;145;155m)[0m
  [38;2;145;145;155m  2[0m  [38;2;185;165;220mCALLHOST        [0m[38;2;165;205;165mprint[0m[38;2;145;145;155m([0m[38;2;155;205;205ms1[0m[38;2;145;145;155m)[0m
  [38;2;145;145;155m  3[0m  [38;2;185;165;220mCALL            [0m[38;2;155;205;205ms2[0m [38;2;145;145;155m=[0m [38;2;165;205;165mfibonacciIterative[0m[38;2;145;145;155m([0m[38;2;155;205;205ms0[0m[38;2;145;145;155m)[0m
  [38;2;145;145;155m  4[0m  [38;2;185;165;220mCALLHOST        [0m[38;2;165;205;165mprint[0m[38;2;145;145;155m([0m[38;2;155;205;205ms2[0m[38;2;145;145;155m)[0m
  [38;2;145;145;155m  5[0m  [38;2;185;165;220mLOAD_CONST      [0m[38;2;155;205;205ms3[0m [38;2;145;145;155m=[0m [38;2;225;185;145m0[0m
  [38;2;145;145;155m  6[0m  [38;2;185;165;220mRETURN          [0m[38;2;145;145;155mreturn[0m [38;2;155;205;205ms3[0m

[38;2;155;205;205mEND[0m
